src/lib/counter-rationale-overrides.ts(1,29): error TS2307: Cannot find module '@/lib/i18n' or its corresponding type declarations.
src/lib/counter-rationale-overrides.ts(1961,3): error TS1117: An object literal cannot have multiple properties with the same name.
src/lib/counter-rationale-overrides.ts(2099,3): error TS1117: An object literal cannot have multiple properties with the same name.
src/lib/counter-rationale-overrides.ts(2237,3): error TS1117: An object literal cannot have multiple properties with the same name.
src/lib/counter-rationale-overrides.ts(2376,3): error TS1117: An object literal cannot have multiple properties with the same name.
src/lib/counter-rationale-overrides.ts(2525,7): error TS2353: Object literal may only specify known properties, and 'en' does not exist in type 'BestCounter'.
src/lib/counter-rationale-overrides.ts(2634,7): error TS2353: Object literal may only specify known properties, and 'en' does not exist in type 'BestCounter'.
src/lib/counter-rationale-overrides.ts(2743,7): error TS2353: Object literal may only specify known properties, and 'en' does not exist in type 'BestCounter'.
src/lib/counter-rationale-overrides.ts(2852,7): error TS2353: Object literal may only specify known properties, and 'en' does not exist in type 'BestCounter'.
src/lib/counter-rationale-overrides.ts(2961,7): error TS2353: Object literal may only specify known properties, and 'en' does not exist in type 'BestCounter'.
src/lib/counter-rationale-overrides.ts(3070,7): error TS2353: Object literal may only specify known properties, and 'en' does not exist in type 'BestCounter'.
src/lib/counter-rationale-overrides.ts(3179,7): error TS2353: Object literal may only specify known properties, and 'en' does not exist in type 'BestCounter'.
src/lib/counter-rationale-overrides.ts(3288,7): error TS2353: Object literal may only specify known properties, and 'en' does not exist in type 'BestCounter'.
src/lib/counter-rationale-overrides.ts(3397,7): error TS2353: Object literal may only specify known properties, and 'en' does not exist in type 'BestCounter'.
src/lib/counter-rationale-overrides.ts(3506,7): error TS2353: Object literal may only specify known properties, and 'en' does not exist in type 'BestCounter'.
src/lib/counter-rationale-overrides.ts(3615,7): error TS2353: Object literal may only specify known properties, and 'en' does not exist in type 'BestCounter'.
src/lib/counter-rationale-overrides.ts(3724,7): error TS2353: Object literal may only specify known properties, and 'en' does not exist in type 'BestCounter'.
src/lib/counter-rationale-overrides.ts(3833,7): error TS2353: Object literal may only specify known properties, and 'en' does not exist in type 'BestCounter'.
src/lib/counter-rationale-overrides.ts(3942,7): error TS2353: Object literal may only specify known properties, and 'en' does not exist in type 'BestCounter'.
